============================= test session starts ==============================
platform linux -- Python 3.12.3, pytest-9.1.1, pluggy-1.6.0 -- /usr/bin/python3
cachedir: .pytest_cache
rootdir: /home/brian/code/enforced-planning/worktrees/trace-review-guards
configfile: pyproject.toml
plugins: anyio-4.14.2, asyncio-1.4.0
asyncio: mode=Mode.STRICT, debug=False, asyncio_default_fixture_loop_scope=None, asyncio_default_test_loop_scope=function
collecting ... collected 4 items

tests/test_artifact_creation.py::test_registered_distinct_document_is_allowed FAILED [ 25%]
tests/test_fleet_drift.py::test_index_reads_head_tree_and_history ERROR  [ 50%]
tests/test_discover_squash_merge_commit.py::test_a_real_squash_merge_is_discovered FAILED [ 75%]
tests/test_discover_squash_merge_commit.py::test_it_is_still_found_after_main_moves_on FAILED [100%]

==================================== ERRORS ====================================
___________ ERROR at setup of test_index_reads_head_tree_and_history ___________

tmp_path = PosixPath('/tmp/pytest-of-brian/pytest-99/test_index_reads_head_tree_and0')

    @pytest.fixture
    def canonical(tmp_path: Path) -> dict[str, object]:
        """A canonical repo whose `enforced_planning/` has a real, known history.
    
        alpha.py moves through three revisions, beta.py is written once, and
        gamma.py is created and then deleted, so every classification branch has
        something to resolve against.
        """
        root = tmp_path / "canonical"
        package = root / "enforced_planning"
        package.mkdir(parents=True)
        _git(root.parent, "init", "-q", "-b", "main", str(root))
        _git(root, "config", "user.email", "test@example.invalid")
        _git(root, "config", "user.name", "Test")
        _git(root, "remote", "add", "origin", ORIGIN_URL)
    
        (package / "__init__.py").write_text("", encoding="utf-8")
        (package / "alpha.py").write_text(ALPHA_V1, encoding="utf-8")
        (package / "gamma.py").write_text("GONE = True\n", encoding="utf-8")
>       first = _commit(root, "first")
                ^^^^^^^^^^^^^^^^^^^^^^

tests/test_fleet_drift.py:74: 
_ _ _ _ _ _ _ _ _ _ _ _ _ _ _ _ _ _ _ _ _ _ _ _ _ _ _ _ _ _ _ _ _ _ _ _ _ _ _ _ 

root = PosixPath('/tmp/pytest-of-brian/pytest-99/test_index_reads_head_tree_and0/canonical')
message = 'first'

    def _commit(root: Path, message: str) -> str:
        _git(root, "add", "-A")
>       _git(root, "-c", "commit.gpgsign=false", "commit", "-q", "-m", message)

tests/test_fleet_drift.py:44: 
_ _ _ _ _ _ _ _ _ _ _ _ _ _ _ _ _ _ _ _ _ _ _ _ _ _ _ _ _ _ _ _ _ _ _ _ _ _ _ _ 

root = PosixPath('/tmp/pytest-of-brian/pytest-99/test_index_reads_head_tree_and0/canonical')
args = ('-c', 'commit.gpgsign=false', 'commit', '-q', '-m', 'first')

    def _git(root: Path, *args: str) -> str:
>       return subprocess.run(
            ["git", *args], cwd=root, capture_output=True, text=True, check=True
        ).stdout

tests/test_fleet_drift.py:37: 
_ _ _ _ _ _ _ _ _ _ _ _ _ _ _ _ _ _ _ _ _ _ _ _ _ _ _ _ _ _ _ _ _ _ _ _ _ _ _ _ 

args = (['git', '-c', 'commit.gpgsign=false', 'commit', '-q', '-m', ...],)
kwargs = {'cwd': PosixPath('/tmp/pytest-of-brian/pytest-99/test_index_reads_head_tree_and0/canonical'), 'capture_output': True, 'text': True, 'check': True}

    def observed_run(*args, **kwargs):
        try:
>           result = original_run(*args, **kwargs)
                     ^^^^^^^^^^^^^^^^^^^^^^^^^^^^^

proposals/trace-review-enforcement/diagnose-fixture-failures.py:16: 
_ _ _ _ _ _ _ _ _ _ _ _ _ _ _ _ _ _ _ _ _ _ _ _ _ _ _ _ _ _ _ _ _ _ _ _ _ _ _ _ 

input = None, capture_output = True, timeout = None, check = True
popenargs = (['git', '-c', 'commit.gpgsign=false', 'commit', '-q', '-m', ...],)
kwargs = {'cwd': PosixPath('/tmp/pytest-of-brian/pytest-99/test_index_reads_head_tree_and0/canonical'), 'text': True, 'stdout': -1, 'stderr': -1}

    def run(*popenargs,
            input=None, capture_output=False, timeout=None, check=False, **kwargs):
        """Run command with arguments and return a CompletedProcess instance.
    
        The returned instance will have attributes args, returncode, stdout and
        stderr. By default, stdout and stderr are not captured, and those attributes
        will be None. Pass stdout=PIPE and/or stderr=PIPE in order to capture them,
        or pass capture_output=True to capture both.
    
        If check is True and the exit code was non-zero, it raises a
        CalledProcessError. The CalledProcessError object will have the return code
        in the returncode attribute, and output & stderr attributes if those streams
        were captured.
    
        If timeout is given, and the process takes too long, a TimeoutExpired
        exception will be raised.
    
        There is an optional argument "input", allowing you to
        pass bytes or a string to the subprocess's stdin.  If you use this argument
        you may not also use the Popen constructor's "stdin" argument, as
        it will be used internally.
    
        By default, all communication is in bytes, and therefore any "input" should
        be bytes, and the stdout and stderr will be bytes. If in text mode, any
        "input" should be a string, and stdout and stderr will be strings decoded
        according to locale encoding, or by "encoding" if set. Text mode is
        triggered by setting any of text, encoding, errors or universal_newlines.
    
        The other arguments are the same as for the Popen constructor.
        """
        if input is not None:
            if kwargs.get('stdin') is not None:
                raise ValueError('stdin and input arguments may not both be used.')
            kwargs['stdin'] = PIPE
    
        if capture_output:
            if kwargs.get('stdout') is not None or kwargs.get('stderr') is not None:
                raise ValueError('stdout and stderr arguments may not be used '
                                 'with capture_output.')
            kwargs['stdout'] = PIPE
            kwargs['stderr'] = PIPE
    
        with Popen(*popenargs, **kwargs) as process:
            try:
                stdout, stderr = process.communicate(input, timeout=timeout)
            except TimeoutExpired as exc:
                process.kill()
                if _mswindows:
                    # Windows accumulates the output in a single blocking
                    # read() call run on child threads, with the timeout
                    # being done in a join() on those threads.  communicate()
                    # _after_ kill() is required to collect that and add it
                    # to the exception.
                    exc.stdout, exc.stderr = process.communicate()
                else:
                    # POSIX _communicate already populated the output so
                    # far into the TimeoutExpired exception.
                    process.wait()
                raise
            except:  # Including KeyboardInterrupt, communicate handled that.
                process.kill()
                # We don't call process.wait() as .__exit__ does that for us.
                raise
            retcode = process.poll()
            if check and retcode:
>               raise CalledProcessError(retcode, process.args,
                                         output=stdout, stderr=stderr)
E               subprocess.CalledProcessError: Command '['git', '-c', 'commit.gpgsign=false', 'commit', '-q', '-m', 'first']' returned non-zero exit status 1.

/usr/lib/python3.12/subprocess.py:571: CalledProcessError
---------------------------- Captured stderr setup -----------------------------
FULL_COMMAND_FAILURE {"command": ["git", "-c", "commit.gpgsign=false", "commit", "-q", "-m", "first"], "cwd": "/tmp/pytest-of-brian/pytest-99/test_index_reads_head_tree_and0/canonical", "exit_status": 1, "stdout": "", "stderr": "aes commit rule: refuse [none] \u2014 no tag: start the first line with [Plan #N], [Goal <id>], [Trivial], [Unplanned], [Auto] or [Shaping <id>] (logged to /tmp/pytest-of-brian/pytest-99/test_index_reads_head_tree_and0/canonical/.git/aes/commit-rule-2026-10-10.jsonl)\n"}
=================================== FAILURES ===================================
_________________ test_registered_distinct_document_is_allowed _________________

tmp_path = PosixPath('/tmp/pytest-of-brian/pytest-99/test_registered_distinct_docum0')

    def test_registered_distinct_document_is_allowed(tmp_path: Path) -> None:
        """A complete intent in an allowed directory should pass enforcement."""
    
>       repo = _repo(tmp_path)
               ^^^^^^^^^^^^^^^

tests/test_artifact_creation.py:131: 
_ _ _ _ _ _ _ _ _ _ _ _ _ _ _ _ _ _ _ _ _ _ _ _ _ _ _ _ _ _ _ _ _ _ _ _ _ _ _ _ 

tmp_path = PosixPath('/tmp/pytest-of-brian/pytest-99/test_registered_distinct_docum0')
mode = 'enforce'

    def _repo(tmp_path: Path, *, mode: str = "enforce") -> Path:
        """Create one minimal repository with Markdown directory rules."""
    
        repo = tmp_path / "repo"
        repo.mkdir()
        _git(repo, "init")
        _git(repo, "config", "user.email", "fixture@example.com")
        _git(repo, "config", "user.name", "Fixture")
        _write_yaml(
            repo / "meta-process.yaml",
            {
                "meta_process": {
                    "artifact_creation": {
                        "mode": mode,
                        "policy_file": "scripts/artifact_directory_policy.yaml",
                        "registry_file": "scripts/relationships.yaml",
                    }
                }
            },
        )
        _write_yaml(
            repo / "scripts" / "artifact_directory_policy.yaml",
            {
                "schema_version": 1,
                "controlled_globs": ["**/*.md"],
                "directory_rules": [
                    {
                        "id": "docs",
                        "path_globs": ["docs/**/*.md", "docs/*.md"],
                        "allowed_kinds": ["plan", "status"],
                        "allowed_authorities": ["canonical", "none"],
                    },
                    {
                        "id": "generated",
                        "path_globs": ["generated/**/*.md", "generated/*.md"],
                        "allowed_kinds": ["generated"],
                        "allowed_authorities": ["none"],
                        "generated_only": True,
                    },
                    {
                        "id": "misc",
                        "path_globs": ["misc/**/*.md", "misc/*.md"],
                        "allowed_kinds": ["temporary"],
                        "allowed_authorities": ["none"],
                        "quarantine": True,
                        "max_ttl_days": 14,
                    },
                ],
            },
        )
        _write_yaml(repo / "scripts" / "relationships.yaml", {"schema_version": 2, "artifacts": []})
        _git(repo, "add", ".")
>       _git(repo, "commit", "-m", "fixture")

tests/test_artifact_creation.py:85: 
_ _ _ _ _ _ _ _ _ _ _ _ _ _ _ _ _ _ _ _ _ _ _ _ _ _ _ _ _ _ _ _ _ _ _ _ _ _ _ _ 

repo = PosixPath('/tmp/pytest-of-brian/pytest-99/test_registered_distinct_docum0/repo')
args = ('commit', '-m', 'fixture')

    def _git(repo: Path, *args: str) -> None:
        """Run one fixture-local Git mutation."""
    
>       subprocess.run(["git", "-C", str(repo), *args], check=True, capture_output=True, text=True)

tests/test_artifact_creation.py:23: 
_ _ _ _ _ _ _ _ _ _ _ _ _ _ _ _ _ _ _ _ _ _ _ _ _ _ _ _ _ _ _ _ _ _ _ _ _ _ _ _ 

args = (['git', '-C', '/tmp/pytest-of-brian/pytest-99/test_registered_distinct_docum0/repo', 'commit', '-m', 'fixture'],)
kwargs = {'check': True, 'capture_output': True, 'text': True}

    def observed_run(*args, **kwargs):
        try:
>           result = original_run(*args, **kwargs)
                     ^^^^^^^^^^^^^^^^^^^^^^^^^^^^^

proposals/trace-review-enforcement/diagnose-fixture-failures.py:16: 
_ _ _ _ _ _ _ _ _ _ _ _ _ _ _ _ _ _ _ _ _ _ _ _ _ _ _ _ _ _ _ _ _ _ _ _ _ _ _ _ 

input = None, capture_output = True, timeout = None, check = True
popenargs = (['git', '-C', '/tmp/pytest-of-brian/pytest-99/test_registered_distinct_docum0/repo', 'commit', '-m', 'fixture'],)
kwargs = {'text': True, 'stdout': -1, 'stderr': -1}

    def run(*popenargs,
            input=None, capture_output=False, timeout=None, check=False, **kwargs):
        """Run command with arguments and return a CompletedProcess instance.
    
        The returned instance will have attributes args, returncode, stdout and
        stderr. By default, stdout and stderr are not captured, and those attributes
        will be None. Pass stdout=PIPE and/or stderr=PIPE in order to capture them,
        or pass capture_output=True to capture both.
    
        If check is True and the exit code was non-zero, it raises a
        CalledProcessError. The CalledProcessError object will have the return code
        in the returncode attribute, and output & stderr attributes if those streams
        were captured.
    
        If timeout is given, and the process takes too long, a TimeoutExpired
        exception will be raised.
    
        There is an optional argument "input", allowing you to
        pass bytes or a string to the subprocess's stdin.  If you use this argument
        you may not also use the Popen constructor's "stdin" argument, as
        it will be used internally.
    
        By default, all communication is in bytes, and therefore any "input" should
        be bytes, and the stdout and stderr will be bytes. If in text mode, any
        "input" should be a string, and stdout and stderr will be strings decoded
        according to locale encoding, or by "encoding" if set. Text mode is
        triggered by setting any of text, encoding, errors or universal_newlines.
    
        The other arguments are the same as for the Popen constructor.
        """
        if input is not None:
            if kwargs.get('stdin') is not None:
                raise ValueError('stdin and input arguments may not both be used.')
            kwargs['stdin'] = PIPE
    
        if capture_output:
            if kwargs.get('stdout') is not None or kwargs.get('stderr') is not None:
                raise ValueError('stdout and stderr arguments may not be used '
                                 'with capture_output.')
            kwargs['stdout'] = PIPE
            kwargs['stderr'] = PIPE
    
        with Popen(*popenargs, **kwargs) as process:
            try:
                stdout, stderr = process.communicate(input, timeout=timeout)
            except TimeoutExpired as exc:
                process.kill()
                if _mswindows:
                    # Windows accumulates the output in a single blocking
                    # read() call run on child threads, with the timeout
                    # being done in a join() on those threads.  communicate()
                    # _after_ kill() is required to collect that and add it
                    # to the exception.
                    exc.stdout, exc.stderr = process.communicate()
                else:
                    # POSIX _communicate already populated the output so
                    # far into the TimeoutExpired exception.
                    process.wait()
                raise
            except:  # Including KeyboardInterrupt, communicate handled that.
                process.kill()
                # We don't call process.wait() as .__exit__ does that for us.
                raise
            retcode = process.poll()
            if check and retcode:
>               raise CalledProcessError(retcode, process.args,
                                         output=stdout, stderr=stderr)
E               subprocess.CalledProcessError: Command '['git', '-C', '/tmp/pytest-of-brian/pytest-99/test_registered_distinct_docum0/repo', 'commit', '-m', 'fixture']' returned non-zero exit status 1.

/usr/lib/python3.12/subprocess.py:571: CalledProcessError
----------------------------- Captured stderr call -----------------------------
FULL_COMMAND_FAILURE {"command": ["git", "-C", "/tmp/pytest-of-brian/pytest-99/test_registered_distinct_docum0/repo", "commit", "-m", "fixture"], "cwd": "", "exit_status": 1, "stdout": "", "stderr": "aes commit rule: refuse [none] \u2014 no tag: start the first line with [Plan #N], [Goal <id>], [Trivial], [Unplanned], [Auto] or [Shaping <id>] (logged to /tmp/pytest-of-brian/pytest-99/test_registered_distinct_docum0/repo/.git/aes/commit-rule-2026-10-10.jsonl)\n"}
____________________ test_a_real_squash_merge_is_discovered ____________________

tmp_path = PosixPath('/tmp/pytest-of-brian/pytest-99/test_a_real_squash_merge_is_di0')

    def test_a_real_squash_merge_is_discovered(tmp_path: Path) -> None:
        module = _load()
        repo = _repo(tmp_path)
        _lane(repo, "feat", "base\nlane work\n")
        _git(repo, "merge", "--quiet", "--squash", "feat")
        _git(repo, "commit", "-qm", "squash of feat (#1)")
        expected = _git(repo, "rev-parse", "HEAD")
    
        found = module._discover_squash_merge_commit(repo, branch_ref="feat", default_ref="main")
>       assert found == expected, found
E       AssertionError: None
E       assert None == 'HEAD'

tests/test_discover_squash_merge_commit.py:69: AssertionError
----------------------------- Captured stderr call -----------------------------
FULL_COMMAND_FAILURE {"command": ["git", "commit", "-qm", "base"], "cwd": "/tmp/pytest-of-brian/pytest-99/test_a_real_squash_merge_is_di0/repo", "exit_status": 1, "stdout": "", "stderr": "aes commit rule: refuse [none] \u2014 no tag: start the first line with [Plan #N], [Goal <id>], [Trivial], [Unplanned], [Auto] or [Shaping <id>] (logged to /tmp/pytest-of-brian/pytest-99/test_a_real_squash_merge_is_di0/repo/.git/aes/commit-rule-2026-10-10.jsonl)\n"}
FULL_COMMAND_FAILURE {"command": ["git", "commit", "-qm", "work on feat"], "cwd": "/tmp/pytest-of-brian/pytest-99/test_a_real_squash_merge_is_di0/repo", "exit_status": 1, "stdout": "", "stderr": "aes commit rule: refuse [none] \u2014 no tag: start the first line with [Plan #N], [Goal <id>], [Trivial], [Unplanned], [Auto] or [Shaping <id>] (logged to /tmp/pytest-of-brian/pytest-99/test_a_real_squash_merge_is_di0/repo/.git/aes/commit-rule-2026-10-10.jsonl)\n"}
FULL_COMMAND_FAILURE {"command": ["git", "checkout", "-q", "main"], "cwd": "/tmp/pytest-of-brian/pytest-99/test_a_real_squash_merge_is_di0/repo", "exit_status": 1, "stdout": "", "stderr": "error: pathspec 'main' did not match any file(s) known to git\n"}
FULL_COMMAND_FAILURE {"command": ["git", "merge", "--quiet", "--squash", "feat"], "cwd": "/tmp/pytest-of-brian/pytest-99/test_a_real_squash_merge_is_di0/repo", "exit_status": 128, "stdout": "", "stderr": "fatal: Squash commit into empty head not supported yet\n"}
FULL_COMMAND_FAILURE {"command": ["git", "commit", "-qm", "squash of feat (#1)"], "cwd": "/tmp/pytest-of-brian/pytest-99/test_a_real_squash_merge_is_di0/repo", "exit_status": 1, "stdout": "", "stderr": "aes commit rule: refuse [none] \u2014 no tag: start the first line with [Plan #N], [Goal <id>], [Trivial], [Unplanned], [Auto] or [Shaping <id>] (logged to /tmp/pytest-of-brian/pytest-99/test_a_real_squash_merge_is_di0/repo/.git/aes/commit-rule-2026-10-10.jsonl)\n"}
FULL_COMMAND_FAILURE {"command": ["git", "rev-parse", "HEAD"], "cwd": "/tmp/pytest-of-brian/pytest-99/test_a_real_squash_merge_is_di0/repo", "exit_status": 128, "stdout": "HEAD\n", "stderr": "fatal: ambiguous argument 'HEAD': unknown revision or path not in the working tree.\nUse '--' to separate paths from revisions, like this:\n'git <command> [<revision>...] -- [<file>...]'\n"}
FULL_COMMAND_FAILURE {"command": ["git", "merge-base", "feat", "main"], "cwd": "/tmp/pytest-of-brian/pytest-99/test_a_real_squash_merge_is_di0/repo", "exit_status": 128, "stdout": "", "stderr": "fatal: Not a valid object name feat\n"}
__________________ test_it_is_still_found_after_main_moves_on __________________

tmp_path = PosixPath('/tmp/pytest-of-brian/pytest-99/test_it_is_still_found_after_m0')

    def test_it_is_still_found_after_main_moves_on(tmp_path: Path) -> None:
        """A lane is usually closed some commits later, not immediately."""
        module = _load()
        repo = _repo(tmp_path)
        _lane(repo, "feat", "base\nlane work\n")
        _git(repo, "merge", "--quiet", "--squash", "feat")
        _git(repo, "commit", "-qm", "squash of feat (#1)")
        expected = _git(repo, "rev-parse", "HEAD")
        for n in range(3):
            (repo / f"later{n}.txt").write_text("later\n")
            _git(repo, "add", "-A")
            _git(repo, "commit", "-qm", f"unrelated {n}")
    
>       assert module._discover_squash_merge_commit(repo, branch_ref="feat", default_ref="main") == expected
E       AssertionError: assert None == 'HEAD'
E        +  where None = <function _discover_squash_merge_commit at 0x7fb6752342c0>(PosixPath('/tmp/pytest-of-brian/pytest-99/test_it_is_still_found_after_m0/repo'), branch_ref='feat', default_ref='main')
E        +    where <function _discover_squash_merge_commit at 0x7fb6752342c0> = <module 'session_lifecycle_under_test' from '/home/brian/code/enforced-planning/worktrees/trace-review-guards/enforced_planning/session_lifecycle.py'>._discover_squash_merge_commit

tests/test_discover_squash_merge_commit.py:85: AssertionError
----------------------------- Captured stderr call -----------------------------
FULL_COMMAND_FAILURE {"command": ["git", "commit", "-qm", "base"], "cwd": "/tmp/pytest-of-brian/pytest-99/test_it_is_still_found_after_m0/repo", "exit_status": 1, "stdout": "", "stderr": "aes commit rule: refuse [none] \u2014 no tag: start the first line with [Plan #N], [Goal <id>], [Trivial], [Unplanned], [Auto] or [Shaping <id>] (logged to /tmp/pytest-of-brian/pytest-99/test_it_is_still_found_after_m0/repo/.git/aes/commit-rule-2026-10-10.jsonl)\n"}
FULL_COMMAND_FAILURE {"command": ["git", "commit", "-qm", "work on feat"], "cwd": "/tmp/pytest-of-brian/pytest-99/test_it_is_still_found_after_m0/repo", "exit_status": 1, "stdout": "", "stderr": "aes commit rule: refuse [none] \u2014 no tag: start the first line with [Plan #N], [Goal <id>], [Trivial], [Unplanned], [Auto] or [Shaping <id>] (logged to /tmp/pytest-of-brian/pytest-99/test_it_is_still_found_after_m0/repo/.git/aes/commit-rule-2026-10-10.jsonl)\n"}
FULL_COMMAND_FAILURE {"command": ["git", "checkout", "-q", "main"], "cwd": "/tmp/pytest-of-brian/pytest-99/test_it_is_still_found_after_m0/repo", "exit_status": 1, "stdout": "", "stderr": "error: pathspec 'main' did not match any file(s) known to git\n"}
FULL_COMMAND_FAILURE {"command": ["git", "merge", "--quiet", "--squash", "feat"], "cwd": "/tmp/pytest-of-brian/pytest-99/test_it_is_still_found_after_m0/repo", "exit_status": 128, "stdout": "", "stderr": "fatal: Squash commit into empty head not supported yet\n"}
FULL_COMMAND_FAILURE {"command": ["git", "commit", "-qm", "squash of feat (#1)"], "cwd": "/tmp/pytest-of-brian/pytest-99/test_it_is_still_found_after_m0/repo", "exit_status": 1, "stdout": "", "stderr": "aes commit rule: refuse [none] \u2014 no tag: start the first line with [Plan #N], [Goal <id>], [Trivial], [Unplanned], [Auto] or [Shaping <id>] (logged to /tmp/pytest-of-brian/pytest-99/test_it_is_still_found_after_m0/repo/.git/aes/commit-rule-2026-10-10.jsonl)\n"}
FULL_COMMAND_FAILURE {"command": ["git", "rev-parse", "HEAD"], "cwd": "/tmp/pytest-of-brian/pytest-99/test_it_is_still_found_after_m0/repo", "exit_status": 128, "stdout": "HEAD\n", "stderr": "fatal: ambiguous argument 'HEAD': unknown revision or path not in the working tree.\nUse '--' to separate paths from revisions, like this:\n'git <command> [<revision>...] -- [<file>...]'\n"}
FULL_COMMAND_FAILURE {"command": ["git", "commit", "-qm", "unrelated 0"], "cwd": "/tmp/pytest-of-brian/pytest-99/test_it_is_still_found_after_m0/repo", "exit_status": 1, "stdout": "", "stderr": "aes commit rule: refuse [none] \u2014 no tag: start the first line with [Plan #N], [Goal <id>], [Trivial], [Unplanned], [Auto] or [Shaping <id>] (logged to /tmp/pytest-of-brian/pytest-99/test_it_is_still_found_after_m0/repo/.git/aes/commit-rule-2026-10-10.jsonl)\n"}
FULL_COMMAND_FAILURE {"command": ["git", "commit", "-qm", "unrelated 1"], "cwd": "/tmp/pytest-of-brian/pytest-99/test_it_is_still_found_after_m0/repo", "exit_status": 1, "stdout": "", "stderr": "aes commit rule: refuse [none] \u2014 no tag: start the first line with [Plan #N], [Goal <id>], [Trivial], [Unplanned], [Auto] or [Shaping <id>] (logged to /tmp/pytest-of-brian/pytest-99/test_it_is_still_found_after_m0/repo/.git/aes/commit-rule-2026-10-10.jsonl)\n"}
FULL_COMMAND_FAILURE {"command": ["git", "commit", "-qm", "unrelated 2"], "cwd": "/tmp/pytest-of-brian/pytest-99/test_it_is_still_found_after_m0/repo", "exit_status": 1, "stdout": "", "stderr": "aes commit rule: refuse [none] \u2014 no tag: start the first line with [Plan #N], [Goal <id>], [Trivial], [Unplanned], [Auto] or [Shaping <id>] (logged to /tmp/pytest-of-brian/pytest-99/test_it_is_still_found_after_m0/repo/.git/aes/commit-rule-2026-10-10.jsonl)\n"}
FULL_COMMAND_FAILURE {"command": ["git", "merge-base", "feat", "main"], "cwd": "/tmp/pytest-of-brian/pytest-99/test_it_is_still_found_after_m0/repo", "exit_status": 128, "stdout": "", "stderr": "fatal: Not a valid object name feat\n"}
=========================== short test summary info ============================
FAILED tests/test_artifact_creation.py::test_registered_distinct_document_is_allowed - subprocess.CalledProcessError: Command '['git', '-C', '/tmp/pytest-of-brian/pytest-99/test_registered_distinct_docum0/repo', 'commit', '-m', 'fixture']' returned non-zero exit status 1.
FAILED tests/test_discover_squash_merge_commit.py::test_a_real_squash_merge_is_discovered - AssertionError: None
assert None == 'HEAD'
FAILED tests/test_discover_squash_merge_commit.py::test_it_is_still_found_after_main_moves_on - AssertionError: assert None == 'HEAD'
 +  where None = <function _discover_squash_merge_commit at 0x7fb6752342c0>(PosixPath('/tmp/pytest-of-brian/pytest-99/test_it_is_still_found_after_m0/repo'), branch_ref='feat', default_ref='main')
 +    where <function _discover_squash_merge_commit at 0x7fb6752342c0> = <module 'session_lifecycle_under_test' from '/home/brian/code/enforced-planning/worktrees/trace-review-guards/enforced_planning/session_lifecycle.py'>._discover_squash_merge_commit
ERROR tests/test_fleet_drift.py::test_index_reads_head_tree_and_history - subprocess.CalledProcessError: Command '['git', '-c', 'commit.gpgsign=false', 'commit', '-q', '-m', 'first']' returned non-zero exit status 1.
========================= 3 failed, 1 error in 36.28s ==========================
